// Jest Snapshot v1, https://goo.gl/fbAQLP

exports[`Description Renders default 1`] = `
<small
  className=""
>
  blabla
</small>
`;
