// Jest Snapshot v1, https://goo.gl/fbAQLP

exports[`Fieldset Renders default 1`] = `
<fieldset>
  <legend>
    fieldset
  </legend>
</fieldset>
`;
