// Jest Snapshot v1, https://goo.gl/fbAQLP

exports[`Formlabel Renders default 1`] = `null`;
