// Jest Snapshot v1, https://goo.gl/fbAQLP

exports[`Layout Renders default 1`] = `
<div
  className="u-container"
  style={undefined}
/>
`;
